{
 "signatures": [
  {
   "keyid": "e5af3a6acb5a64a72f6caf96679b5e89f26aeb79d7537ac59fe9655dae5bb55d",
   "sig": "XXX"
  },
  {
   "keyid": "afa22883c1f9518ca3291fe31af2ba13e3d455909f64a02db50c638c6f84e8ec",
   "sig": "XXX"
  }
 ],
 "signed": {
  "_type": "root",
  "consistent_snapshot": true,
  "expires": "2022-02-03T01:02:03Z",
  "keys": {
   "afa22883c1f9518ca3291fe31af2ba13e3d455909f64a02db50c638c6f84e8ec": {
    "keytype": "ecdsa",
    "keyval": {
     "public": "-----BEGIN PUBLIC KEY-----\nMHYwEAYHKoZIzj0CAQYFK4EEACIDYgAE+jBdFHGUlKUilRL3/ReI6whKNbCZk8CL\nJFGVf5JypwD/2lr7d/6owMGuqd9ocCVVHw2GsuGRS7aCQfEvEsTgal6y2NC2gGpi\n1rsv2TGRzxKeZ7m0yX4h/vXlfJe7xys9\n-----END PUBLIC KEY-----\n"
    },
    "scheme": "ecdsa-sha2-nistp384",
    "x-playground-keyowner": "@playgrounduser2"
   },
   "e5af3a6acb5a64a72f6caf96679b5e89f26aeb79d7537ac59fe9655dae5bb55d": {
    "keytype": "ecdsa",
    "keyval": {
     "public": "-----BEGIN PUBLIC KEY-----\nMHYwEAYHKoZIzj0CAQYFK4EEACIDYgAEJ3pswWmx9Bx2VBcpqaooQFA7dQnhRafh\ntj942eg086x6EMHdfgdox9TbwGm7sU2sn/gyjyDr1ez8Ld2ORnyYJ8cAlegfTqNq\nE0eSrLrb+YpzQJxLwh6qWcSngF99Unft\n-----END PUBLIC KEY-----\n"
    },
    "scheme": "ecdsa-sha2-nistp384",
    "x-playground-keyowner": "@playgrounduser1"
   },
   "fa47289": {
    "keytype": "ed25519",
    "keyval": {
     "public": "fa472895c9756c2b9bcd1440bf867d0fa5c4edee79e9792fa9822be3dd6fcbb3"
    },
    "scheme": "ed25519",
    "x-playground-online-uri": "envvar:LOCAL_TESTING_KEY"
   }
  },
  "roles": {
   "root": {
    "keyids": [
     "e5af3a6acb5a64a72f6caf96679b5e89f26aeb79d7537ac59fe9655dae5bb55d",
     "afa22883c1f9518ca3291fe31af2ba13e3d455909f64a02db50c638c6f84e8ec"
    ],
    "threshold": 2
   },
   "snapshot": {
    "keyids": [
     "fa47289"
    ],
    "threshold": 1,
    "x-playground-expiry-period": 365
   },
   "targets": {
    "keyids": [
     "e5af3a6acb5a64a72f6caf96679b5e89f26aeb79d7537ac59fe9655dae5bb55d",
     "afa22883c1f9518ca3291fe31af2ba13e3d455909f64a02db50c638c6f84e8ec"
    ],
    "threshold": 1
   },
   "timestamp": {
    "keyids": [
     "fa47289"
    ],
    "threshold": 1,
    "x-playground-expiry-period": 1
   }
  },
  "spec_version": "1.0.31",
  "version": 1,
  "x-playground-expiry-period": 365,
  "x-playground-signing-period": 60
 }
}