{
 "signatures": [
  {
   "keyid": "e5af3a6acb5a64a72f6caf96679b5e89f26aeb79d7537ac59fe9655dae5bb55d",
   "sig": "XXX"
  },
  {
   "keyid": "afa22883c1f9518ca3291fe31af2ba13e3d455909f64a02db50c638c6f84e8ec",
   "sig": "XXX"
  }
 ],
 "signed": {
  "_type": "targets",
  "expires": "2022-02-03T01:02:03Z",
  "spec_version": "1.0.31",
  "targets": {},
  "version": 1,
  "x-playground-expiry-period": 365,
  "x-playground-signing-period": 60
 }
}