{
 "signatures": [
  {
   "keyid": "95da323daa78f7b2557ae91e23be619ff932f9aec035abd4e40301405b363999",
   "sig": "XXX"
  },
  {
   "keyid": "204fd0866b874c8ba288726cb9c3e41fcdf22dd36c95816d31b7cbfb7b68b198",
   "sig": "XXX"
  }
 ],
 "signed": {
  "_type": "targets",
  "expires": "2022-02-03T01:02:03Z",
  "spec_version": "1.0.31",
  "targets": {
   "file1.txt": {
    "hashes": {
     "sha256": "ac0fe9bf78cd278e66f787bcd02e035de2c4b4da41af783a1daa447c4734222d"
    },
    "length": 15
   }
  },
  "version": 3,
  "x-playground-expiry-period": 365,
  "x-playground-signing-period": 60
 }
}