{
 "signatures": [
  {
   "keyid": "95da323daa78f7b2557ae91e23be619ff932f9aec035abd4e40301405b363999",
   "sig": "XXX"
  }
 ],
 "signed": {
  "_type": "root",
  "consistent_snapshot": true,
  "expires": "2022-02-03T01:02:03Z",
  "keys": {
   "95da323daa78f7b2557ae91e23be619ff932f9aec035abd4e40301405b363999": {
    "keytype": "ecdsa",
    "keyval": {
     "public": "-----BEGIN PUBLIC KEY-----\nMHYwEAYHKoZIzj0CAQYFK4EEACIDYgAEJ3pswWmx9Bx2VBcpqaooQFA7dQnhRafh\ntj942eg086x6EMHdfgdox9TbwGm7sU2sn/gyjyDr1ez8Ld2ORnyYJ8cAlegfTqNq\nE0eSrLrb+YpzQJxLwh6qWcSngF99Unft\n-----END PUBLIC KEY-----\n"
    },
    "scheme": "ecdsa-sha2-nistp384",
    "x-playground-keyowner": "@playgrounduser1"
   },
   "fa47289": {
    "keytype": "ed25519",
    "keyval": {
     "public": "fa472895c9756c2b9bcd1440bf867d0fa5c4edee79e9792fa9822be3dd6fcbb3"
    },
    "scheme": "ed25519",
    "x-playground-online-uri": "envvar:LOCAL_TESTING_KEY"
   }
  },
  "roles": {
   "root": {
    "keyids": [
     "95da323daa78f7b2557ae91e23be619ff932f9aec035abd4e40301405b363999"
    ],
    "threshold": 1
   },
   "snapshot": {
    "keyids": [
     "fa47289"
    ],
    "threshold": 1,
    "x-playground-expiry-period": 10,
    "x-playground-signing-period": 4,
   },
   "targets": {
    "keyids": [
     "95da323daa78f7b2557ae91e23be619ff932f9aec035abd4e40301405b363999"
    ],
    "threshold": 1
   },
   "timestamp": {
    "keyids": [
     "fa47289"
    ],
    "threshold": 1,
    "x-playground-expiry-period": 2,
    "x-playground-signing-period": 1
   }
  },
  "spec_version": "1.0.31",
  "version": 1,
  "x-playground-expiry-period": 365,
  "x-playground-signing-period": 60
 }
}