{
 "signatures": [
  {
   "keyid": "e5af3a6acb5a64a72f6caf96679b5e89f26aeb79d7537ac59fe9655dae5bb55d",
   "sig": ""
  }
 ],
 "signed": {
  "_type": "targets",
  "expires": "2022-02-03T01:02:03Z",
  "spec_version": "1.0.31",
  "targets": {},
  "version": 1,
  "x-playground-expiry-period": 365,
  "x-playground-signing-period": 60
 }
}